[Step8] MultiGen
fails: 401
todo: 345
  [25/345] 66s
  [50/345] 115s
  [75/345] 155s
  [100/345] 209s
  [125/345] 266s
  [150/345] 321s
  [175/345] 388s
  [200/345] 404s
  [225/345] 449s
  [250/345] 525s
  [275/345] 587s
  [300/345] 630s
  [325/345] 665s
done: 345 -> /home/dameng/project/nl2sql_harness_reproduce/predictions/route_a_multigen_20260731/predictions.jsonl
Merged: 1534 base, 345 overlay, 345 replaced -> predictions/step8_multigen.jsonl
Execution Match (EX): 1144 / 1534 = 74.58%
[Step9] DeepRegen
fails: 390
todo: 390
  [25/390] 43s
  [50/390] 94s
  [75/390] 131s
  [100/390] 169s
  [125/390] 214s
  [150/390] 255s
  [175/390] 306s
  [200/390] 364s
  [225/390] 400s
  [250/390] 481s
  [275/390] 524s
  [300/390] 569s
  [325/390] 636s
  [350/390] 690s
  [375/390] 732s
done: 390 -> /home/dameng/project/nl2sql_harness_reproduce/predictions/deep_regen_20260731/predictions.jsonl
Merged: 1534 base, 390 overlay, 390 replaced -> predictions/step9_deepregen.jsonl
Execution Match (EX): 1187 / 1534 = 77.38%
[Step10] E6+E7
fails: 347
todo: 347
  [25/347] 68s
  [50/347] 132s
  [75/347] 182s
  [100/347] 235s
  [125/347] 299s
  [150/347] 367s
  [175/347] 430s
  [200/347] 519s
  [225/347] 597s
  [250/347] 669s
  [275/347] 740s
  [300/347] 829s
  [325/347] 891s
done: 347 -> /home/dameng/project/nl2sql_harness_reproduce/predictions/e6_preference_guided_20260731/predictions.jsonl
Merged: 1534 base, 347 overlay, 347 replaced -> predictions/step10a_e6.jsonl
todo: 347
  [25/347] 71s
  [50/347] 121s
  [75/347] 170s
  [100/347] 216s
  [125/347] 278s
  [150/347] 349s
  [175/347] 437s
  [200/347] 494s
  [225/347] 548s
  [250/347] 609s
  [275/347] 692s
  [300/347] 777s
  [325/347] 818s
done: 347 -> /home/dameng/project/nl2sql_harness_reproduce/predictions/e7_result_critique_20260731/predictions.jsonl
